  ÔÇó electron-builder  version=24.13.3 os=10.0.26200
  ÔÇó loaded configuration  file=package.json ("build" field)
  ÔÇó packaging       platform=win32 arch=x64 electron=39.2.3 appOutDir=release\win-unpacked
  ÔÇó building        target=portable file=release\NeoStream-IPTV-3.9.0.exe archs=x64
  Ô¿» open : The system cannot find the file specified.
github.com/develar/app-builder/pkg/icons.LoadImage
	/Volumes/data/Documents/app-builder/pkg/icons/image-util.go:27
github.com/develar/app-builder/pkg/icons.loadImage
	/Volumes/data/Documents/app-builder/pkg/icons/icon-converter.go:334
github.com/develar/app-builder/pkg/icons.(*InputFileInfo).GetMaxImage
	/Volumes/data/Documents/app-builder/pkg/icons/icons-api.go:51
github.com/develar/app-builder/pkg/icons.convertSingleFile
	/Volumes/data/Documents/app-builder/pkg/icons/icon-converter.go:293
github.com/develar/app-builder/pkg/icons.doConvertIcon
	/Volumes/data/Documents/app-builder/pkg/icons/icon-converter.go:247
github.com/develar/app-builder/pkg/icons.ConvertIcon
	/Volumes/data/Documents/app-builder/pkg/icons/icon-converter.go:56
github.com/develar/app-builder/pkg/icons.ConfigureCommand.func1
	/Volumes/data/Documents/app-builder/pkg/icons/icon-converter.go:33
github.com/alecthomas/kingpin.(*actionMixin).applyActions
	/Volumes/data/go/pkg/mod/github.com/alecthomas/kingpin@v2.2.6+incompatible/actions.go:28
github.com/alecthomas/kingpin.(*Application).applyActions
	/Volumes/data/go/pkg/mod/github.com/alecthomas/kingpin@v2.2.6+incompatible/app.go:557
github.com/alecthomas/kingpin.(*Application).execute
	/Volumes/data/go/pkg/mod/github.com/alecthomas/kingpin@v2.2.6+incompatible/app.go:390
github.com/alecthomas/kingpin.(*Application).Parse
	/Volumes/data/go/pkg/mod/github.com/alecthomas/kingpin@v2.2.6+incompatible/app.go:222
main.main
	/Volumes/data/Documents/app-builder/main.go:90
runtime.main
	/usr/local/Cellar/go/1.17/libexec/src/runtime/proc.go:255
runtime.goexit
	/usr/local/Cellar/go/1.17/libexec/src/runtime/asm_amd64.s:1581  
  Ô¿» C:\Users\rakjs\Documents\projects\IPTV\node_modules\app-builder-bin\win\x64\app-builder.exe process failed ERR_ELECTRON_BUILDER_CANNOT_EXECUTE
Exit code:
1  failedTask=build stackTrace=Error: C:\Users\rakjs\Documents\projects\IPTV\node_modules\app-builder-bin\win\x64\app-builder.exe process failed ERR_ELECTRON_BUILDER_CANNOT_EXECUTE
Exit code:
1
    at ChildProcess.<anonymous> (C:\Users\rakjs\Documents\projects\IPTV\node_modules\builder-util\src\util.ts:252:14)
    at Object.onceWrapper (node:events:623:26)
    at ChildProcess.emit (node:events:508:28)
    at ChildProcess.cp.emit (C:\Users\rakjs\Documents\projects\IPTV\node_modules\cross-spawn\lib\enoent.js:34:29)
    at maybeClose (node:internal/child_process:1101:16)
    at Process.ChildProcess._handle.onexit (node:internal/child_process:305:5)
