src/services/languageService.ts(322,9): error TS1117: An object literal cannot have multiple properties with the same name.
